mode: set
calculator/back/internal/calc/calc.go:20.2,21.1 1 1
calculator/back/internal/calc/calc.go:24.2,25.1 1 1
calculator/back/internal/calc/calc.go:28.2,29.1 1 1
calculator/back/internal/calc/calc.go:33.2,33.12 1 1
calculator/back/internal/calc/calc.go:34.3,35.1 1 1
calculator/back/internal/calc/calc.go:36.2,36.22 1 1
calculator/back/internal/calc/calc.go:42.2,42.31 1 1
calculator/back/internal/calc/calc.go:43.3,44.1 1 1
calculator/back/internal/calc/calc.go:45.2,45.41 1 1
calculator/back/internal/calc/calc.go:50.2,50.11 1 1
calculator/back/internal/calc/calc.go:51.3,52.1 1 1
calculator/back/internal/calc/calc.go:53.2,53.29 1 1
calculator/back/internal/calc/calc.go:58.2,59.1 1 1
calculator/back/internal/calc/calc.go:64.2,64.9 1 1
calculator/back/internal/calc/calc.go:66.3,66.25 1 1
calculator/back/internal/calc/calc.go:68.3,68.24 1 1
calculator/back/internal/calc/calc.go:70.3,70.16 1 1
calculator/back/internal/api/handler.go:48.2,49.1 1 1
calculator/back/internal/api/handler.go:55.2,56.1 1 1
calculator/back/internal/api/handler.go:62.2,62.21 1 1
calculator/back/internal/api/handler.go:63.3,64.1 1 1
calculator/back/internal/api/handler.go:66.2,67.71 2 1
calculator/back/internal/api/handler.go:68.3,68.45 1 1
calculator/back/internal/api/handler.go:69.4,71.1 2 1
calculator/back/internal/api/handler.go:72.3,72.21 1 1
calculator/back/internal/api/handler.go:82.2,83.38 2 1
calculator/back/internal/api/handler.go:84.3,85.1 1 1
calculator/back/internal/api/handler.go:86.2,86.15 1 1
calculator/back/internal/api/handler.go:92.2,106.1 4 1
calculator/back/internal/api/handler.go:108.2,110.31 4 1
calculator/back/internal/api/handler.go:111.3,112.30 2 1
calculator/back/internal/api/handler.go:113.4,115.1 2 1
calculator/back/internal/api/handler.go:117.2,118.1 2 1
calculator/back/internal/api/handler.go:119.2,119.12 2 1
calculator/back/internal/api/handler.go:123.2,124.1 1 1
calculator/back/internal/api/handler.go:127.2,128.1 1 1
calculator/back/internal/api/handler.go:132.2,132.71 1 1
calculator/back/internal/api/handler.go:133.3,134.30 2 1
calculator/back/internal/api/handler.go:135.4,136.1 1 1
calculator/back/internal/api/handler.go:137.3,137.35 1 1
calculator/back/internal/api/handler.go:138.4,141.1 2 1
calculator/back/internal/api/handler.go:142.3,143.17 2 1
calculator/back/internal/api/handler.go:144.4,146.1 2 1
calculator/back/internal/api/handler.go:147.3,147.62 1 1
calculator/back/internal/api/handler.go:153.2,153.71 1 1
calculator/back/internal/api/handler.go:154.3,155.30 2 1
calculator/back/internal/api/handler.go:156.4,157.1 1 1
calculator/back/internal/api/handler.go:158.3,158.19 1 1
calculator/back/internal/api/handler.go:159.4,162.1 2 1
calculator/back/internal/api/handler.go:163.3,164.17 2 1
calculator/back/internal/api/handler.go:165.4,167.1 2 1
calculator/back/internal/api/handler.go:168.3,168.62 1 1
calculator/back/internal/api/handler.go:175.2,177.40 3 1
calculator/back/internal/api/handler.go:178.3,180.1 2 1
calculator/back/internal/api/handler.go:181.2,181.52 1 1
calculator/back/internal/api/handler.go:182.3,184.1 2 1
calculator/back/internal/api/handler.go:185.2,185.13 1 1
calculator/back/internal/api/handler.go:190.2,190.9 1 1
calculator/back/internal/api/handler.go:192.3,192.81 1 1
calculator/back/internal/api/handler.go:194.3,194.78 1 1
calculator/back/internal/api/handler.go:196.3,196.73 1 1
calculator/back/internal/api/handler.go:198.3,198.74 1 1
calculator/back/internal/api/handler.go:200.3,201.91 2 0
calculator/back/internal/api/handler.go:206.2,207.1 1 1
calculator/back/internal/api/handler.go:211.2,211.54 1 1
calculator/back/internal/api/handler.go:212.3,215.1 2 1
calculator/back/internal/api/handler.go:221.2,221.71 1 1
calculator/back/internal/api/handler.go:222.3,225.37 4 1
calculator/back/internal/api/handler.go:226.4,228.1 2 1
calculator/back/internal/api/handler.go:229.3,229.23 1 1
calculator/back/internal/api/handler.go:234.2,236.59 3 1
calculator/back/internal/api/handler.go:237.3,238.1 1 0
calculator/back/internal/api/handler.go:242.2,243.1 1 1
calculator/back/cmd/server/main.go:24.2,24.30 1 0
calculator/back/cmd/server/main.go:25.3,27.1 2 0
calculator/back/cmd/server/main.go:33.2,34.1 6 0
calculator/back/cmd/server/main.go:35.2,39.1 6 0
calculator/back/cmd/server/main.go:41.2,43.1 6 0
calculator/back/cmd/server/main.go:44.2,45.12 6 0
calculator/back/cmd/server/main.go:46.3,48.1 2 0
calculator/back/cmd/server/main.go:50.2,50.9 1 0
calculator/back/cmd/server/main.go:52.3,52.44 1 0
calculator/back/cmd/server/main.go:53.4,54.1 1 0
calculator/back/cmd/server/main.go:55.3,55.13 1 0
calculator/back/cmd/server/main.go:56.20,56.20 0 0
calculator/back/cmd/server/main.go:59.2,62.53 4 0
calculator/back/cmd/server/main.go:63.3,64.1 1 0
calculator/back/cmd/server/main.go:65.2,65.12 1 0
calculator/back/cmd/server/main.go:70.2,70.42 1 0
calculator/back/cmd/server/main.go:71.3,72.1 1 0
calculator/back/cmd/server/main.go:73.2,73.17 1 0
